[2026/08/04 00:59:00 545] transport  1819 transport:try2send,#msg_q=  0  
[2026/08/04 00:59:00 545] transport  1873 transport_obj.send | out  
[2026/08/04 00:59:00 545] transport  482  [soc] [1] send ok  261  
[2026/08/04 00:59:00 545] transport  1799 transport_obj.try2send | in  
[2026/08/04 00:59:00 545] transport  1800 self.soc  udata(480c0088) 
[2026/08/04 00:59:00 545] transport  1801 self.connected  true  
[2026/08/04 00:59:00 545] transport  1802 self.latesterr  0  
[2026/08/04 00:59:00 545] transport  1819 transport:try2send,#msg_q=  0  
[2026/08/04 00:59:00 553] transport  494  [soc] [1] readable  
[2026/08/04 00:59:00 554] transport  1767 HTTP/1.1 200 OK
Content-Length: 8
X-Par: ver=MSSP+0%2E9&ret=0&uid=d19417373739&rss=5&cver=5%2E0%2E44%2E1288&eps=3&seq=0&status=2&key=0f8U8KPoo0IgRqAL4I1x1vJlhla2neEDAQ6OpT/lLFVzI^HBywnTxKrTLbP0MAMjBYKS8dlR/lnjA^xr/Y2PS2zQ5^WQYQyQCOPsa/2Nj0ts0=
CT: binary/recresult;charset=utf8
CE: encrypt/0.2
CL: 8
X-Req-Date: 2026/08/04 15:59:00 671
CL: 8
X-Res-Date: 2026/08/04 15:59:00 676

)6ÎSé6÷i  
[2026/08/04 00:59:00 554] transport  1494 a_complete_httpmessage  200  
[2026/08/04 00:59:00 554] transport  1604 is_update  true  
[2026/08/04 00:59:00 554] isr_1conn  399  [trans] [isr_1conncisr1P1HHBH2TeQmHvabZaa1idW2nwufl3E] readable  
[2026/08/04 00:59:00 554] isr_1conn  403  size =   61  
[2026/08/04 00:59:00 554] isr_1conn  412  send_ok_num, timer_num, send_average =   12505  10  1250  
[2026/08/04 00:59:00 554] isr_1conn  415  netperf =   90  
[2026/08/04 00:59:00 554] isr_1conn  419  start netperf_grs_timer  
[2026/08/04 00:59:00 554] isr_1conn  435  response  
[2026/08/04 00:59:00 554] isr_1conn  483  resp_syncid =  42  
[2026/08/04 00:59:00 554] isr_1conn  655  42  5  2  
[2026/08/04 00:59:00 555] isr_1conn  662  [session] got last result  
[2026/08/04 00:59:00 555] isr_1conn  667  time from last audio to last result:  31  .  
[2026/08/04 00:59:00 555] isr_1conn  668  time from session-begin to session-end:  4241  .  
[2026/08/04 00:59:00 555] network    90   ipfromenv ,  ipcache  open.xf-yun.com  def  121.37.220.137  
[2026/08/04 00:59:00 556] transport  981  cached ip is confirmed  
[2026/08/04 00:59:00 556] transport  1332 [soc] disconnect   
[2026/08/04 00:59:00 556] transport  991  transport clean  
[2026/08/04 00:59:00 556] isr_1conn  677  [session] got 1th result  
[2026/08/04 00:59:00 556] isr_1conn  689  time from first audio to first result:  3976  .  
[2026/08/04 00:59:00 782] isr_1conn  2060 ASR_CLOUD_MSG_SSE  
[2026/08/04 00:59:00 783] isr_1conn  1276 isr_1conn session info  
[2026/08/04 00:59:00 785] isr_1conn  2203 session finished! ret =   0  
