The system is: Linux - 5.15.0-139-generic - x86_64
Compiling the C compiler identification source file "CMakeCCompilerId.c" succeeded.
Compiler: /usr/local/arm/5.4.0/usr/bin/arm-linux-gcc 
Build flags: 
Id flags:  

The output was:
0


Compilation of the C compiler identification source "CMakeCCompilerId.c" produced "a.out"

The C compiler identification is GNU, found in "/home/dante/桌面/ketang/Initial/video_car/CODE/build/CMakeFiles/3.16.3/CompilerIdC/a.out"

Compiling the CXX compiler identification source file "CMakeCXXCompilerId.cpp" succeeded.
Compiler: /usr/bin/c++ 
Build flags: 
Id flags:  

The output was:
0


Compilation of the CXX compiler identification source "CMakeCXXCompilerId.cpp" produced "a.out"

The CXX compiler identification is GNU, found in "/home/dante/桌面/ketang/Initial/video_car/CODE/build/CMakeFiles/3.16.3/CompilerIdCXX/a.out"

Determining if the C compiler works passed with the following output:
Change Dir: /home/dante/桌面/ketang/Initial/video_car/CODE/build/CMakeFiles/CMakeTmp

Run Build Command(s):/usr/bin/make cmTC_ee907/fast && /usr/bin/make -f CMakeFiles/cmTC_ee907.dir/build.make CMakeFiles/cmTC_ee907.dir/build
make[1]: 进入目录“/home/dante/桌面/ketang/Initial/video_car/CODE/build/CMakeFiles/CMakeTmp”
Building C object CMakeFiles/cmTC_ee907.dir/testCCompiler.c.o
/usr/local/arm/5.4.0/usr/bin/arm-linux-gcc    -o CMakeFiles/cmTC_ee907.dir/testCCompiler.c.o   -c /home/dante/桌面/ketang/Initial/video_car/CODE/build/CMakeFiles/CMakeTmp/testCCompiler.c
Linking C executable cmTC_ee907
/usr/bin/cmake -E cmake_link_script CMakeFiles/cmTC_ee907.dir/link.txt --verbose=1
/usr/local/arm/5.4.0/usr/bin/arm-linux-gcc      CMakeFiles/cmTC_ee907.dir/testCCompiler.c.o  -o cmTC_ee907 
make[1]: 离开目录“/home/dante/桌面/ketang/Initial/video_car/CODE/build/CMakeFiles/CMakeTmp”



Detecting C compiler ABI info compiled with the following output:
Change Dir: /home/dante/桌面/ketang/Initial/video_car/CODE/build/CMakeFiles/CMakeTmp

Run Build Command(s):/usr/bin/make cmTC_806ac/fast && /usr/bin/make -f CMakeFiles/cmTC_806ac.dir/build.make CMakeFiles/cmTC_806ac.dir/build
make[1]: Entering directory '/home/dante/桌面/ketang/Initial/video_car/CODE/build/CMakeFiles/CMakeTmp'
Building C object CMakeFiles/cmTC_806ac.dir/CMakeCCompilerABI.c.o
/usr/local/arm/5.4.0/usr/bin/arm-linux-gcc   -v -o CMakeFiles/cmTC_806ac.dir/CMakeCCompilerABI.c.o   -c /usr/share/cmake-3.16/Modules/CMakeCCompilerABI.c
Using built-in specs.
COLLECT_GCC=/usr/local/arm/5.4.0/usr/bin/arm-linux-gcc.br_real
Target: arm-none-linux-gnueabi
Configured with: ./configure --prefix=/home/geclab/buildroot-2016.11/output/host/usr --sysconfdir=/home/geclab/buildroot-2016.11/output/host/etc --enable-static --target=arm-none-linux-gnueabi --with-sysroot=/home/geclab/buildroot-2016.11/output/host/usr/arm-none-linux-gnueabi/sysroot --disable-__cxa_atexit --with-gnu-ld --disable-libssp --disable-multilib --with-gmp=/home/geclab/buildroot-2016.11/output/host/usr --with-mpc=/home/geclab/buildroot-2016.11/output/host/usr --with-mpfr=/home/geclab/buildroot-2016.11/output/host/usr --with-pkgversion='Buildroot 2016.11' --with-bugurl=http://bugs.buildroot.net/ --disable-libquadmath --enable-tls --disable-libmudflap --enable-threads --without-isl --without-cloog --with-float=soft --disable-decimal-float --with-abi=aapcs-linux --with-cpu=cortex-a15 --with-float=soft --with-mode=arm --enable-languages=c,c++,fortran --with-build-time-tools=/home/geclab/buildroot-2016.11/output/host/usr/arm-none-linux-gnueabi/bin --enable-shared --disable-libgomp
Thread model: posix
gcc version 5.4.0 (Buildroot 2016.11) 
COLLECT_GCC_OPTIONS='-v' '-o' 'CMakeFiles/cmTC_806ac.dir/CMakeCCompilerABI.c.o' '-c' '-mcpu=cortex-a15' '-mfloat-abi=soft' '-mabi=aapcs-linux' '-marm' '-mtls-dialect=gnu'
 /usr/local/arm/5.4.0/usr/bin/../libexec/gcc/arm-none-linux-gnueabi/5.4.0/cc1 -quiet -v -iprefix /usr/local/arm/5.4.0/usr/bin/../lib/gcc/arm-none-linux-gnueabi/5.4.0/ -isysroot /usr/local/arm/5.4.0/usr/arm-none-linux-gnueabi/sysroot /usr/share/cmake-3.16/Modules/CMakeCCompilerABI.c -quiet -dumpbase CMakeCCompilerABI.c -mcpu=cortex-a15 -mfloat-abi=soft -mabi=aapcs-linux -marm -mtls-dialect=gnu -auxbase-strip CMakeFiles/cmTC_806ac.dir/CMakeCCompilerABI.c.o -version -o /tmp/ccASKtLp.s
GNU C11 (Buildroot 2016.11) version 5.4.0 (arm-none-linux-gnueabi)
	compiled by GNU C version 4.8.4, GMP version 6.1.1, MPFR version 3.1.5, MPC version 1.0.3
warning: GMP header version 6.1.1 differs from library version 6.2.0.
warning: MPFR header version 3.1.5 differs from library version 4.0.2.
warning: MPC header version 1.0.3 differs from library version 1.1.0.
GGC heuristics: --param ggc-min-expand=100 --param ggc-min-heapsize=131072
ignoring duplicate directory "/usr/local/arm/5.4.0/usr/bin/../lib/gcc/../../lib/gcc/arm-none-linux-gnueabi/5.4.0/include"
ignoring nonexistent directory "/usr/local/arm/5.4.0/usr/arm-none-linux-gnueabi/sysroot/usr/local/include"
ignoring duplicate directory "/usr/local/arm/5.4.0/usr/bin/../lib/gcc/../../lib/gcc/arm-none-linux-gnueabi/5.4.0/include-fixed"
ignoring duplicate directory "/usr/local/arm/5.4.0/usr/bin/../lib/gcc/../../lib/gcc/arm-none-linux-gnueabi/5.4.0/../../../../arm-none-linux-gnueabi/include"
#include "..." search starts here:
#include <...> search starts here:
 /usr/local/arm/5.4.0/usr/bin/../lib/gcc/arm-none-linux-gnueabi/5.4.0/include
 /usr/local/arm/5.4.0/usr/bin/../lib/gcc/arm-none-linux-gnueabi/5.4.0/include-fixed
 /usr/local/arm/5.4.0/usr/bin/../lib/gcc/arm-none-linux-gnueabi/5.4.0/../../../../arm-none-linux-gnueabi/include
 /usr/local/arm/5.4.0/usr/arm-none-linux-gnueabi/sysroot/usr/include
End of search list.
GNU C11 (Buildroot 2016.11) version 5.4.0 (arm-none-linux-gnueabi)
	compiled by GNU C version 4.8.4, GMP version 6.1.1, MPFR version 3.1.5, MPC version 1.0.3
warning: GMP header version 6.1.1 differs from library version 6.2.0.
warning: MPFR header version 3.1.5 differs from library version 4.0.2.
warning: MPC header version 1.0.3 differs from library version 1.1.0.
GGC heuristics: --param ggc-min-expand=100 --param ggc-min-heapsize=131072
Compiler executable checksum: ac5196111f71937995d0c5c5084ce6a2
COLLECT_GCC_OPTIONS='-v' '-o' 'CMakeFiles/cmTC_806ac.dir/CMakeCCompilerABI.c.o' '-c' '-mcpu=cortex-a15' '-mfloat-abi=soft' '-mabi=aapcs-linux' '-marm' '-mtls-dialect=gnu'
 /usr/local/arm/5.4.0/usr/bin/../lib/gcc/arm-none-linux-gnueabi/5.4.0/../../../../arm-none-linux-gnueabi/bin/as -v -mcpu=cortex-a15 -mfloat-abi=soft -meabi=5 -o CMakeFiles/cmTC_806ac.dir/CMakeCCompilerABI.c.o /tmp/ccASKtLp.s
GNU assembler version 2.26.1 (arm-none-linux-gnueabi) using BFD version (GNU Binutils) 2.26.1
COMPILER_PATH=/usr/local/arm/5.4.0/usr/bin/../libexec/gcc/arm-none-linux-gnueabi/5.4.0/:/usr/local/arm/5.4.0/usr/bin/../libexec/gcc/:/usr/local/arm/5.4.0/usr/bin/../lib/gcc/arm-none-linux-gnueabi/5.4.0/../../../../arm-none-linux-gnueabi/bin/
LIBRARY_PATH=/usr/local/arm/5.4.0/usr/bin/../lib/gcc/arm-none-linux-gnueabi/5.4.0/:/usr/local/arm/5.4.0/usr/bin/../lib/gcc/:/usr/local/arm/5.4.0/usr/bin/../lib/gcc/arm-none-linux-gnueabi/5.4.0/../../../../arm-none-linux-gnueabi/lib/:/usr/local/arm/5.4.0/usr/arm-none-linux-gnueabi/sysroot/lib/:/usr/local/arm/5.4.0/usr/arm-none-linux-gnueabi/sysroot/usr/lib/
COLLECT_GCC_OPTIONS='-v' '-o' 'CMakeFiles/cmTC_806ac.dir/CMakeCCompilerABI.c.o' '-c' '-mcpu=cortex-a15' '-mfloat-abi=soft' '-mabi=aapcs-linux' '-marm' '-mtls-dialect=gnu'
Linking C executable cmTC_806ac
/usr/bin/cmake -E cmake_link_script CMakeFiles/cmTC_806ac.dir/link.txt --verbose=1
/usr/local/arm/5.4.0/usr/bin/arm-linux-gcc     -v CMakeFiles/cmTC_806ac.dir/CMakeCCompilerABI.c.o  -o cmTC_806ac 
Using built-in specs.
COLLECT_GCC=/usr/local/arm/5.4.0/usr/bin/arm-linux-gcc.br_real
COLLECT_LTO_WRAPPER=/usr/local/arm/5.4.0/usr/bin/../libexec/gcc/arm-none-linux-gnueabi/5.4.0/lto-wrapper
Target: arm-none-linux-gnueabi
Configured with: ./configure --prefix=/home/geclab/buildroot-2016.11/output/host/usr --sysconfdir=/home/geclab/buildroot-2016.11/output/host/etc --enable-static --target=arm-none-linux-gnueabi --with-sysroot=/home/geclab/buildroot-2016.11/output/host/usr/arm-none-linux-gnueabi/sysroot --disable-__cxa_atexit --with-gnu-ld --disable-libssp --disable-multilib --with-gmp=/home/geclab/buildroot-2016.11/output/host/usr --with-mpc=/home/geclab/buildroot-2016.11/output/host/usr --with-mpfr=/home/geclab/buildroot-2016.11/output/host/usr --with-pkgversion='Buildroot 2016.11' --with-bugurl=http://bugs.buildroot.net/ --disable-libquadmath --enable-tls --disable-libmudflap --enable-threads --without-isl --without-cloog --with-float=soft --disable-decimal-float --with-abi=aapcs-linux --with-cpu=cortex-a15 --with-float=soft --with-mode=arm --enable-languages=c,c++,fortran --with-build-time-tools=/home/geclab/buildroot-2016.11/output/host/usr/arm-none-linux-gnueabi/bin --enable-shared --disable-libgomp
Thread model: posix
gcc version 5.4.0 (Buildroot 2016.11) 
COMPILER_PATH=/usr/local/arm/5.4.0/usr/bin/../libexec/gcc/arm-none-linux-gnueabi/5.4.0/:/usr/local/arm/5.4.0/usr/bin/../libexec/gcc/:/usr/local/arm/5.4.0/usr/bin/../lib/gcc/arm-none-linux-gnueabi/5.4.0/../../../../arm-none-linux-gnueabi/bin/
LIBRARY_PATH=/usr/local/arm/5.4.0/usr/bin/../lib/gcc/arm-none-linux-gnueabi/5.4.0/:/usr/local/arm/5.4.0/usr/bin/../lib/gcc/:/usr/local/arm/5.4.0/usr/bin/../lib/gcc/arm-none-linux-gnueabi/5.4.0/../../../../arm-none-linux-gnueabi/lib/:/usr/local/arm/5.4.0/usr/arm-none-linux-gnueabi/sysroot/lib/:/usr/local/arm/5.4.0/usr/arm-none-linux-gnueabi/sysroot/usr/lib/
COLLECT_GCC_OPTIONS='-v' '-o' 'cmTC_806ac' '-mcpu=cortex-a15' '-mfloat-abi=soft' '-mabi=aapcs-linux' '-marm' '-mtls-dialect=gnu'
 /usr/local/arm/5.4.0/usr/bin/../libexec/gcc/arm-none-linux-gnueabi/5.4.0/collect2 -plugin /usr/local/arm/5.4.0/usr/bin/../libexec/gcc/arm-none-linux-gnueabi/5.4.0/liblto_plugin.so -plugin-opt=/usr/local/arm/5.4.0/usr/bin/../libexec/gcc/arm-none-linux-gnueabi/5.4.0/lto-wrapper -plugin-opt=-fresolution=/tmp/ccv9UQRY.res -plugin-opt=-pass-through=-lgcc -plugin-opt=-pass-through=-lgcc_s -plugin-opt=-pass-through=-lc -plugin-opt=-pass-through=-lgcc -plugin-opt=-pass-through=-lgcc_s --sysroot=/usr/local/arm/5.4.0/usr/arm-none-linux-gnueabi/sysroot --eh-frame-hdr -dynamic-linker /lib/ld-linux.so.3 -X -m armelf_linux_eabi -o cmTC_806ac /usr/local/arm/5.4.0/usr/arm-none-linux-gnueabi/sysroot/usr/lib/crt1.o /usr/local/arm/5.4.0/usr/arm-none-linux-gnueabi/sysroot/usr/lib/crti.o /usr/local/arm/5.4.0/usr/bin/../lib/gcc/arm-none-linux-gnueabi/5.4.0/crtbegin.o -L/usr/local/arm/5.4.0/usr/bin/../lib/gcc/arm-none-linux-gnueabi/5.4.0 -L/usr/local/arm/5.4.0/usr/bin/../lib/gcc -L/usr/local/arm/5.4.0/usr/bin/../lib/gcc/arm-none-linux-gnueabi/5.4.0/../../../../arm-none-linux-gnueabi/lib -L/usr/local/arm/5.4.0/usr/arm-none-linux-gnueabi/sysroot/lib -L/usr/local/arm/5.4.0/usr/arm-none-linux-gnueabi/sysroot/usr/lib CMakeFiles/cmTC_806ac.dir/CMakeCCompilerABI.c.o -lgcc --as-needed -lgcc_s --no-as-needed -lc -lgcc --as-needed -lgcc_s --no-as-needed /usr/local/arm/5.4.0/usr/bin/../lib/gcc/arm-none-linux-gnueabi/5.4.0/crtend.o /usr/local/arm/5.4.0/usr/arm-none-linux-gnueabi/sysroot/usr/lib/crtn.o
make[1]: Leaving directory '/home/dante/桌面/ketang/Initial/video_car/CODE/build/CMakeFiles/CMakeTmp'



Parsed C implicit include dir info from above output: rv=done
  found start of include info
  found start of implicit include info
    add: [/usr/local/arm/5.4.0/usr/bin/../lib/gcc/arm-none-linux-gnueabi/5.4.0/include]
    add: [/usr/local/arm/5.4.0/usr/bin/../lib/gcc/arm-none-linux-gnueabi/5.4.0/include-fixed]
    add: [/usr/local/arm/5.4.0/usr/bin/../lib/gcc/arm-none-linux-gnueabi/5.4.0/../../../../arm-none-linux-gnueabi/include]
    add: [/usr/local/arm/5.4.0/usr/arm-none-linux-gnueabi/sysroot/usr/include]
  end of search list found
  collapse include dir [/usr/local/arm/5.4.0/usr/bin/../lib/gcc/arm-none-linux-gnueabi/5.4.0/include] ==> [/usr/local/arm/5.4.0/usr/lib/gcc/arm-none-linux-gnueabi/5.4.0/include]
  collapse include dir [/usr/local/arm/5.4.0/usr/bin/../lib/gcc/arm-none-linux-gnueabi/5.4.0/include-fixed] ==> [/usr/local/arm/5.4.0/usr/lib/gcc/arm-none-linux-gnueabi/5.4.0/include-fixed]
  collapse include dir [/usr/local/arm/5.4.0/usr/bin/../lib/gcc/arm-none-linux-gnueabi/5.4.0/../../../../arm-none-linux-gnueabi/include] ==> [/usr/local/arm/5.4.0/usr/arm-none-linux-gnueabi/include]
  collapse include dir [/usr/local/arm/5.4.0/usr/arm-none-linux-gnueabi/sysroot/usr/include] ==> [/usr/local/arm/5.4.0/usr/arm-none-linux-gnueabi/sysroot/usr/include]
  implicit include dirs: [/usr/local/arm/5.4.0/usr/lib/gcc/arm-none-linux-gnueabi/5.4.0/include;/usr/local/arm/5.4.0/usr/lib/gcc/arm-none-linux-gnueabi/5.4.0/include-fixed;/usr/local/arm/5.4.0/usr/arm-none-linux-gnueabi/include;/usr/local/arm/5.4.0/usr/arm-none-linux-gnueabi/sysroot/usr/include]


Parsed C implicit link information from above output:
  link line regex: [^( *|.*[/\])(ld|CMAKE_LINK_STARTFILE-NOTFOUND|([^/\]+-)?ld|collect2)[^/\]*( |$)]
  ignore line: [Change Dir: /home/dante/桌面/ketang/Initial/video_car/CODE/build/CMakeFiles/CMakeTmp]
  ignore line: []
  ignore line: [Run Build Command(s):/usr/bin/make cmTC_806ac/fast && /usr/bin/make -f CMakeFiles/cmTC_806ac.dir/build.make CMakeFiles/cmTC_806ac.dir/build]
  ignore line: [make[1]: Entering directory '/home/dante/桌面/ketang/Initial/video_car/CODE/build/CMakeFiles/CMakeTmp']
  ignore line: [Building C object CMakeFiles/cmTC_806ac.dir/CMakeCCompilerABI.c.o]
  ignore line: [/usr/local/arm/5.4.0/usr/bin/arm-linux-gcc   -v -o CMakeFiles/cmTC_806ac.dir/CMakeCCompilerABI.c.o   -c /usr/share/cmake-3.16/Modules/CMakeCCompilerABI.c]
  ignore line: [Using built-in specs.]
  ignore line: [COLLECT_GCC=/usr/local/arm/5.4.0/usr/bin/arm-linux-gcc.br_real]
  ignore line: [Target: arm-none-linux-gnueabi]
  ignore line: [Configured with: ./configure --prefix=/home/geclab/buildroot-2016.11/output/host/usr --sysconfdir=/home/geclab/buildroot-2016.11/output/host/etc --enable-static --target=arm-none-linux-gnueabi --with-sysroot=/home/geclab/buildroot-2016.11/output/host/usr/arm-none-linux-gnueabi/sysroot --disable-__cxa_atexit --with-gnu-ld --disable-libssp --disable-multilib --with-gmp=/home/geclab/buildroot-2016.11/output/host/usr --with-mpc=/home/geclab/buildroot-2016.11/output/host/usr --with-mpfr=/home/geclab/buildroot-2016.11/output/host/usr --with-pkgversion='Buildroot 2016.11' --with-bugurl=http://bugs.buildroot.net/ --disable-libquadmath --enable-tls --disable-libmudflap --enable-threads --without-isl --without-cloog --with-float=soft --disable-decimal-float --with-abi=aapcs-linux --with-cpu=cortex-a15 --with-float=soft --with-mode=arm --enable-languages=c,c++,fortran --with-build-time-tools=/home/geclab/buildroot-2016.11/output/host/usr/arm-none-linux-gnueabi/bin --enable-shared --disable-libgomp]
  ignore line: [Thread model: posix]
  ignore line: [gcc version 5.4.0 (Buildroot 2016.11) ]
  ignore line: [COLLECT_GCC_OPTIONS='-v' '-o' 'CMakeFiles/cmTC_806ac.dir/CMakeCCompilerABI.c.o' '-c' '-mcpu=cortex-a15' '-mfloat-abi=soft' '-mabi=aapcs-linux' '-marm' '-mtls-dialect=gnu']
  ignore line: [ /usr/local/arm/5.4.0/usr/bin/../libexec/gcc/arm-none-linux-gnueabi/5.4.0/cc1 -quiet -v -iprefix /usr/local/arm/5.4.0/usr/bin/../lib/gcc/arm-none-linux-gnueabi/5.4.0/ -isysroot /usr/local/arm/5.4.0/usr/arm-none-linux-gnueabi/sysroot /usr/share/cmake-3.16/Modules/CMakeCCompilerABI.c -quiet -dumpbase CMakeCCompilerABI.c -mcpu=cortex-a15 -mfloat-abi=soft -mabi=aapcs-linux -marm -mtls-dialect=gnu -auxbase-strip CMakeFiles/cmTC_806ac.dir/CMakeCCompilerABI.c.o -version -o /tmp/ccASKtLp.s]
  ignore line: [GNU C11 (Buildroot 2016.11) version 5.4.0 (arm-none-linux-gnueabi)]
  ignore line: [	compiled by GNU C version 4.8.4  GMP version 6.1.1  MPFR version 3.1.5  MPC version 1.0.3]
  ignore line: [warning: GMP header version 6.1.1 differs from library version 6.2.0.]
  ignore line: [warning: MPFR header version 3.1.5 differs from library version 4.0.2.]
  ignore line: [warning: MPC header version 1.0.3 differs from library version 1.1.0.]
  ignore line: [GGC heuristics: --param ggc-min-expand=100 --param ggc-min-heapsize=131072]
  ignore line: [ignoring duplicate directory "/usr/local/arm/5.4.0/usr/bin/../lib/gcc/../../lib/gcc/arm-none-linux-gnueabi/5.4.0/include"]
  ignore line: [ignoring nonexistent directory "/usr/local/arm/5.4.0/usr/arm-none-linux-gnueabi/sysroot/usr/local/include"]
  ignore line: [ignoring duplicate directory "/usr/local/arm/5.4.0/usr/bin/../lib/gcc/../../lib/gcc/arm-none-linux-gnueabi/5.4.0/include-fixed"]
  ignore line: [ignoring duplicate directory "/usr/local/arm/5.4.0/usr/bin/../lib/gcc/../../lib/gcc/arm-none-linux-gnueabi/5.4.0/../../../../arm-none-linux-gnueabi/include"]
  ignore line: [#include "..." search starts here:]
  ignore line: [#include <...> search starts here:]
  ignore line: [ /usr/local/arm/5.4.0/usr/bin/../lib/gcc/arm-none-linux-gnueabi/5.4.0/include]
  ignore line: [ /usr/local/arm/5.4.0/usr/bin/../lib/gcc/arm-none-linux-gnueabi/5.4.0/include-fixed]
  ignore line: [ /usr/local/arm/5.4.0/usr/bin/../lib/gcc/arm-none-linux-gnueabi/5.4.0/../../../../arm-none-linux-gnueabi/include]
  ignore line: [ /usr/local/arm/5.4.0/usr/arm-none-linux-gnueabi/sysroot/usr/include]
  ignore line: [End of search list.]
  ignore line: [GNU C11 (Buildroot 2016.11) version 5.4.0 (arm-none-linux-gnueabi)]
  ignore line: [	compiled by GNU C version 4.8.4  GMP version 6.1.1  MPFR version 3.1.5  MPC version 1.0.3]
  ignore line: [warning: GMP header version 6.1.1 differs from library version 6.2.0.]
  ignore line: [warning: MPFR header version 3.1.5 differs from library version 4.0.2.]
  ignore line: [warning: MPC header version 1.0.3 differs from library version 1.1.0.]
  ignore line: [GGC heuristics: --param ggc-min-expand=100 --param ggc-min-heapsize=131072]
  ignore line: [Compiler executable checksum: ac5196111f71937995d0c5c5084ce6a2]
  ignore line: [COLLECT_GCC_OPTIONS='-v' '-o' 'CMakeFiles/cmTC_806ac.dir/CMakeCCompilerABI.c.o' '-c' '-mcpu=cortex-a15' '-mfloat-abi=soft' '-mabi=aapcs-linux' '-marm' '-mtls-dialect=gnu']
  ignore line: [ /usr/local/arm/5.4.0/usr/bin/../lib/gcc/arm-none-linux-gnueabi/5.4.0/../../../../arm-none-linux-gnueabi/bin/as -v -mcpu=cortex-a15 -mfloat-abi=soft -meabi=5 -o CMakeFiles/cmTC_806ac.dir/CMakeCCompilerABI.c.o /tmp/ccASKtLp.s]
  ignore line: [GNU assembler version 2.26.1 (arm-none-linux-gnueabi) using BFD version (GNU Binutils) 2.26.1]
  ignore line: [COMPILER_PATH=/usr/local/arm/5.4.0/usr/bin/../libexec/gcc/arm-none-linux-gnueabi/5.4.0/:/usr/local/arm/5.4.0/usr/bin/../libexec/gcc/:/usr/local/arm/5.4.0/usr/bin/../lib/gcc/arm-none-linux-gnueabi/5.4.0/../../../../arm-none-linux-gnueabi/bin/]
  ignore line: [LIBRARY_PATH=/usr/local/arm/5.4.0/usr/bin/../lib/gcc/arm-none-linux-gnueabi/5.4.0/:/usr/local/arm/5.4.0/usr/bin/../lib/gcc/:/usr/local/arm/5.4.0/usr/bin/../lib/gcc/arm-none-linux-gnueabi/5.4.0/../../../../arm-none-linux-gnueabi/lib/:/usr/local/arm/5.4.0/usr/arm-none-linux-gnueabi/sysroot/lib/:/usr/local/arm/5.4.0/usr/arm-none-linux-gnueabi/sysroot/usr/lib/]
  ignore line: [COLLECT_GCC_OPTIONS='-v' '-o' 'CMakeFiles/cmTC_806ac.dir/CMakeCCompilerABI.c.o' '-c' '-mcpu=cortex-a15' '-mfloat-abi=soft' '-mabi=aapcs-linux' '-marm' '-mtls-dialect=gnu']
  ignore line: [Linking C executable cmTC_806ac]
  ignore line: [/usr/bin/cmake -E cmake_link_script CMakeFiles/cmTC_806ac.dir/link.txt --verbose=1]
  ignore line: [/usr/local/arm/5.4.0/usr/bin/arm-linux-gcc     -v CMakeFiles/cmTC_806ac.dir/CMakeCCompilerABI.c.o  -o cmTC_806ac ]
  ignore line: [Using built-in specs.]
  ignore line: [COLLECT_GCC=/usr/local/arm/5.4.0/usr/bin/arm-linux-gcc.br_real]
  ignore line: [COLLECT_LTO_WRAPPER=/usr/local/arm/5.4.0/usr/bin/../libexec/gcc/arm-none-linux-gnueabi/5.4.0/lto-wrapper]
  ignore line: [Target: arm-none-linux-gnueabi]
  ignore line: [Configured with: ./configure --prefix=/home/geclab/buildroot-2016.11/output/host/usr --sysconfdir=/home/geclab/buildroot-2016.11/output/host/etc --enable-static --target=arm-none-linux-gnueabi --with-sysroot=/home/geclab/buildroot-2016.11/output/host/usr/arm-none-linux-gnueabi/sysroot --disable-__cxa_atexit --with-gnu-ld --disable-libssp --disable-multilib --with-gmp=/home/geclab/buildroot-2016.11/output/host/usr --with-mpc=/home/geclab/buildroot-2016.11/output/host/usr --with-mpfr=/home/geclab/buildroot-2016.11/output/host/usr --with-pkgversion='Buildroot 2016.11' --with-bugurl=http://bugs.buildroot.net/ --disable-libquadmath --enable-tls --disable-libmudflap --enable-threads --without-isl --without-cloog --with-float=soft --disable-decimal-float --with-abi=aapcs-linux --with-cpu=cortex-a15 --with-float=soft --with-mode=arm --enable-languages=c,c++,fortran --with-build-time-tools=/home/geclab/buildroot-2016.11/output/host/usr/arm-none-linux-gnueabi/bin --enable-shared --disable-libgomp]
  ignore line: [Thread model: posix]
  ignore line: [gcc version 5.4.0 (Buildroot 2016.11) ]
  ignore line: [COMPILER_PATH=/usr/local/arm/5.4.0/usr/bin/../libexec/gcc/arm-none-linux-gnueabi/5.4.0/:/usr/local/arm/5.4.0/usr/bin/../libexec/gcc/:/usr/local/arm/5.4.0/usr/bin/../lib/gcc/arm-none-linux-gnueabi/5.4.0/../../../../arm-none-linux-gnueabi/bin/]
  ignore line: [LIBRARY_PATH=/usr/local/arm/5.4.0/usr/bin/../lib/gcc/arm-none-linux-gnueabi/5.4.0/:/usr/local/arm/5.4.0/usr/bin/../lib/gcc/:/usr/local/arm/5.4.0/usr/bin/../lib/gcc/arm-none-linux-gnueabi/5.4.0/../../../../arm-none-linux-gnueabi/lib/:/usr/local/arm/5.4.0/usr/arm-none-linux-gnueabi/sysroot/lib/:/usr/local/arm/5.4.0/usr/arm-none-linux-gnueabi/sysroot/usr/lib/]
  ignore line: [COLLECT_GCC_OPTIONS='-v' '-o' 'cmTC_806ac' '-mcpu=cortex-a15' '-mfloat-abi=soft' '-mabi=aapcs-linux' '-marm' '-mtls-dialect=gnu']
  link line: [ /usr/local/arm/5.4.0/usr/bin/../libexec/gcc/arm-none-linux-gnueabi/5.4.0/collect2 -plugin /usr/local/arm/5.4.0/usr/bin/../libexec/gcc/arm-none-linux-gnueabi/5.4.0/liblto_plugin.so -plugin-opt=/usr/local/arm/5.4.0/usr/bin/../libexec/gcc/arm-none-linux-gnueabi/5.4.0/lto-wrapper -plugin-opt=-fresolution=/tmp/ccv9UQRY.res -plugin-opt=-pass-through=-lgcc -plugin-opt=-pass-through=-lgcc_s -plugin-opt=-pass-through=-lc -plugin-opt=-pass-through=-lgcc -plugin-opt=-pass-through=-lgcc_s --sysroot=/usr/local/arm/5.4.0/usr/arm-none-linux-gnueabi/sysroot --eh-frame-hdr -dynamic-linker /lib/ld-linux.so.3 -X -m armelf_linux_eabi -o cmTC_806ac /usr/local/arm/5.4.0/usr/arm-none-linux-gnueabi/sysroot/usr/lib/crt1.o /usr/local/arm/5.4.0/usr/arm-none-linux-gnueabi/sysroot/usr/lib/crti.o /usr/local/arm/5.4.0/usr/bin/../lib/gcc/arm-none-linux-gnueabi/5.4.0/crtbegin.o -L/usr/local/arm/5.4.0/usr/bin/../lib/gcc/arm-none-linux-gnueabi/5.4.0 -L/usr/local/arm/5.4.0/usr/bin/../lib/gcc -L/usr/local/arm/5.4.0/usr/bin/../lib/gcc/arm-none-linux-gnueabi/5.4.0/../../../../arm-none-linux-gnueabi/lib -L/usr/local/arm/5.4.0/usr/arm-none-linux-gnueabi/sysroot/lib -L/usr/local/arm/5.4.0/usr/arm-none-linux-gnueabi/sysroot/usr/lib CMakeFiles/cmTC_806ac.dir/CMakeCCompilerABI.c.o -lgcc --as-needed -lgcc_s --no-as-needed -lc -lgcc --as-needed -lgcc_s --no-as-needed /usr/local/arm/5.4.0/usr/bin/../lib/gcc/arm-none-linux-gnueabi/5.4.0/crtend.o /usr/local/arm/5.4.0/usr/arm-none-linux-gnueabi/sysroot/usr/lib/crtn.o]
    arg [/usr/local/arm/5.4.0/usr/bin/../libexec/gcc/arm-none-linux-gnueabi/5.4.0/collect2] ==> ignore
    arg [-plugin] ==> ignore
    arg [/usr/local/arm/5.4.0/usr/bin/../libexec/gcc/arm-none-linux-gnueabi/5.4.0/liblto_plugin.so] ==> ignore
    arg [-plugin-opt=/usr/local/arm/5.4.0/usr/bin/../libexec/gcc/arm-none-linux-gnueabi/5.4.0/lto-wrapper] ==> ignore
    arg [-plugin-opt=-fresolution=/tmp/ccv9UQRY.res] ==> ignore
    arg [-plugin-opt=-pass-through=-lgcc] ==> ignore
    arg [-plugin-opt=-pass-through=-lgcc_s] ==> ignore
    arg [-plugin-opt=-pass-through=-lc] ==> ignore
    arg [-plugin-opt=-pass-through=-lgcc] ==> ignore
    arg [-plugin-opt=-pass-through=-lgcc_s] ==> ignore
    arg [--sysroot=/usr/local/arm/5.4.0/usr/arm-none-linux-gnueabi/sysroot] ==> ignore
    arg [--eh-frame-hdr] ==> ignore
    arg [-dynamic-linker] ==> ignore
    arg [/lib/ld-linux.so.3] ==> ignore
    arg [-X] ==> ignore
    arg [-m] ==> ignore
    arg [armelf_linux_eabi] ==> ignore
    arg [-o] ==> ignore
    arg [cmTC_806ac] ==> ignore
    arg [/usr/local/arm/5.4.0/usr/arm-none-linux-gnueabi/sysroot/usr/lib/crt1.o] ==> ignore
    arg [/usr/local/arm/5.4.0/usr/arm-none-linux-gnueabi/sysroot/usr/lib/crti.o] ==> ignore
    arg [/usr/local/arm/5.4.0/usr/bin/../lib/gcc/arm-none-linux-gnueabi/5.4.0/crtbegin.o] ==> ignore
    arg [-L/usr/local/arm/5.4.0/usr/bin/../lib/gcc/arm-none-linux-gnueabi/5.4.0] ==> dir [/usr/local/arm/5.4.0/usr/bin/../lib/gcc/arm-none-linux-gnueabi/5.4.0]
    arg [-L/usr/local/arm/5.4.0/usr/bin/../lib/gcc] ==> dir [/usr/local/arm/5.4.0/usr/bin/../lib/gcc]
    arg [-L/usr/local/arm/5.4.0/usr/bin/../lib/gcc/arm-none-linux-gnueabi/5.4.0/../../../../arm-none-linux-gnueabi/lib] ==> dir [/usr/local/arm/5.4.0/usr/bin/../lib/gcc/arm-none-linux-gnueabi/5.4.0/../../../../arm-none-linux-gnueabi/lib]
    arg [-L/usr/local/arm/5.4.0/usr/arm-none-linux-gnueabi/sysroot/lib] ==> dir [/usr/local/arm/5.4.0/usr/arm-none-linux-gnueabi/sysroot/lib]
    arg [-L/usr/local/arm/5.4.0/usr/arm-none-linux-gnueabi/sysroot/usr/lib] ==> dir [/usr/local/arm/5.4.0/usr/arm-none-linux-gnueabi/sysroot/usr/lib]
    arg [CMakeFiles/cmTC_806ac.dir/CMakeCCompilerABI.c.o] ==> ignore
    arg [-lgcc] ==> lib [gcc]
    arg [--as-needed] ==> ignore
    arg [-lgcc_s] ==> lib [gcc_s]
    arg [--no-as-needed] ==> ignore
    arg [-lc] ==> lib [c]
    arg [-lgcc] ==> lib [gcc]
    arg [--as-needed] ==> ignore
    arg [-lgcc_s] ==> lib [gcc_s]
    arg [--no-as-needed] ==> ignore
    arg [/usr/local/arm/5.4.0/usr/bin/../lib/gcc/arm-none-linux-gnueabi/5.4.0/crtend.o] ==> ignore
    arg [/usr/local/arm/5.4.0/usr/arm-none-linux-gnueabi/sysroot/usr/lib/crtn.o] ==> ignore
  collapse library dir [/usr/local/arm/5.4.0/usr/bin/../lib/gcc/arm-none-linux-gnueabi/5.4.0] ==> [/usr/local/arm/5.4.0/usr/lib/gcc/arm-none-linux-gnueabi/5.4.0]
  collapse library dir [/usr/local/arm/5.4.0/usr/bin/../lib/gcc] ==> [/usr/local/arm/5.4.0/usr/lib/gcc]
  collapse library dir [/usr/local/arm/5.4.0/usr/bin/../lib/gcc/arm-none-linux-gnueabi/5.4.0/../../../../arm-none-linux-gnueabi/lib] ==> [/usr/local/arm/5.4.0/usr/arm-none-linux-gnueabi/lib]
  collapse library dir [/usr/local/arm/5.4.0/usr/arm-none-linux-gnueabi/sysroot/lib] ==> [/usr/local/arm/5.4.0/usr/arm-none-linux-gnueabi/sysroot/lib]
  collapse library dir [/usr/local/arm/5.4.0/usr/arm-none-linux-gnueabi/sysroot/usr/lib] ==> [/usr/local/arm/5.4.0/usr/arm-none-linux-gnueabi/sysroot/usr/lib]
  implicit libs: [gcc;gcc_s;c;gcc;gcc_s]
  implicit dirs: [/usr/local/arm/5.4.0/usr/lib/gcc/arm-none-linux-gnueabi/5.4.0;/usr/local/arm/5.4.0/usr/lib/gcc;/usr/local/arm/5.4.0/usr/arm-none-linux-gnueabi/lib;/usr/local/arm/5.4.0/usr/arm-none-linux-gnueabi/sysroot/lib;/usr/local/arm/5.4.0/usr/arm-none-linux-gnueabi/sysroot/usr/lib]
  implicit fwks: []


Determining if the CXX compiler works passed with the following output:
Change Dir: /home/dante/桌面/ketang/Initial/video_car/CODE/build/CMakeFiles/CMakeTmp

Run Build Command(s):/usr/bin/make cmTC_1a3e6/fast && /usr/bin/make -f CMakeFiles/cmTC_1a3e6.dir/build.make CMakeFiles/cmTC_1a3e6.dir/build
make[1]: 进入目录“/home/dante/桌面/ketang/Initial/video_car/CODE/build/CMakeFiles/CMakeTmp”
Building CXX object CMakeFiles/cmTC_1a3e6.dir/testCXXCompiler.cxx.o
/usr/bin/c++     -o CMakeFiles/cmTC_1a3e6.dir/testCXXCompiler.cxx.o -c /home/dante/桌面/ketang/Initial/video_car/CODE/build/CMakeFiles/CMakeTmp/testCXXCompiler.cxx
Linking CXX executable cmTC_1a3e6
/usr/bin/cmake -E cmake_link_script CMakeFiles/cmTC_1a3e6.dir/link.txt --verbose=1
/usr/bin/c++       CMakeFiles/cmTC_1a3e6.dir/testCXXCompiler.cxx.o  -o cmTC_1a3e6 
make[1]: 离开目录“/home/dante/桌面/ketang/Initial/video_car/CODE/build/CMakeFiles/CMakeTmp”



Detecting CXX compiler ABI info compiled with the following output:
Change Dir: /home/dante/桌面/ketang/Initial/video_car/CODE/build/CMakeFiles/CMakeTmp

Run Build Command(s):/usr/bin/make cmTC_9be6e/fast && /usr/bin/make -f CMakeFiles/cmTC_9be6e.dir/build.make CMakeFiles/cmTC_9be6e.dir/build
make[1]: Entering directory '/home/dante/桌面/ketang/Initial/video_car/CODE/build/CMakeFiles/CMakeTmp'
Building CXX object CMakeFiles/cmTC_9be6e.dir/CMakeCXXCompilerABI.cpp.o
/usr/bin/c++    -v -o CMakeFiles/cmTC_9be6e.dir/CMakeCXXCompilerABI.cpp.o -c /usr/share/cmake-3.16/Modules/CMakeCXXCompilerABI.cpp
Using built-in specs.
COLLECT_GCC=/usr/bin/c++
OFFLOAD_TARGET_NAMES=nvptx-none:hsa
OFFLOAD_TARGET_DEFAULT=1
Target: x86_64-linux-gnu
Configured with: ../src/configure -v --with-pkgversion='Ubuntu 9.4.0-1ubuntu1~20.04.2' --with-bugurl=file:///usr/share/doc/gcc-9/README.Bugs --enable-languages=c,ada,c++,go,brig,d,fortran,objc,obj-c++,gm2 --prefix=/usr --with-gcc-major-version-only --program-suffix=-9 --program-prefix=x86_64-linux-gnu- --enable-shared --enable-linker-build-id --libexecdir=/usr/lib --without-included-gettext --enable-threads=posix --libdir=/usr/lib --enable-nls --enable-clocale=gnu --enable-libstdcxx-debug --enable-libstdcxx-time=yes --with-default-libstdcxx-abi=new --enable-gnu-unique-object --disable-vtable-verify --enable-plugin --enable-default-pie --with-system-zlib --with-target-system-zlib=auto --enable-objc-gc=auto --enable-multiarch --disable-werror --with-arch-32=i686 --with-abi=m64 --with-multilib-list=m32,m64,mx32 --enable-multilib --with-tune=generic --enable-offload-targets=nvptx-none=/build/gcc-9-9QDOt0/gcc-9-9.4.0/debian/tmp-nvptx/usr,hsa --without-cuda-driver --enable-checking=release --build=x86_64-linux-gnu --host=x86_64-linux-gnu --target=x86_64-linux-gnu
Thread model: posix
gcc version 9.4.0 (Ubuntu 9.4.0-1ubuntu1~20.04.2) 
COLLECT_GCC_OPTIONS='-v' '-o' 'CMakeFiles/cmTC_9be6e.dir/CMakeCXXCompilerABI.cpp.o' '-c' '-shared-libgcc' '-mtune=generic' '-march=x86-64'
 /usr/lib/gcc/x86_64-linux-gnu/9/cc1plus -quiet -v -imultiarch x86_64-linux-gnu -D_GNU_SOURCE /usr/share/cmake-3.16/Modules/CMakeCXXCompilerABI.cpp -quiet -dumpbase CMakeCXXCompilerABI.cpp -mtune=generic -march=x86-64 -auxbase-strip CMakeFiles/cmTC_9be6e.dir/CMakeCXXCompilerABI.cpp.o -version -fasynchronous-unwind-tables -fstack-protector-strong -Wformat -Wformat-security -fstack-clash-protection -fcf-protection -o /tmp/ccCZLPsw.s
GNU C++14 (Ubuntu 9.4.0-1ubuntu1~20.04.2) version 9.4.0 (x86_64-linux-gnu)
	compiled by GNU C version 9.4.0, GMP version 6.2.0, MPFR version 4.0.2, MPC version 1.1.0, isl version isl-0.22.1-GMP

GGC heuristics: --param ggc-min-expand=100 --param ggc-min-heapsize=131072
ignoring duplicate directory "/usr/include/x86_64-linux-gnu/c++/9"
ignoring nonexistent directory "/usr/local/include/x86_64-linux-gnu"
ignoring nonexistent directory "/usr/lib/gcc/x86_64-linux-gnu/9/include-fixed"
ignoring nonexistent directory "/usr/lib/gcc/x86_64-linux-gnu/9/../../../../x86_64-linux-gnu/include"
#include "..." search starts here:
#include <...> search starts here:
 /usr/include/c++/9
 /usr/include/x86_64-linux-gnu/c++/9
 /usr/include/c++/9/backward
 /usr/lib/gcc/x86_64-linux-gnu/9/include
 /usr/local/include
 /usr/include/x86_64-linux-gnu
 /usr/include
End of search list.
GNU C++14 (Ubuntu 9.4.0-1ubuntu1~20.04.2) version 9.4.0 (x86_64-linux-gnu)
	compiled by GNU C version 9.4.0, GMP version 6.2.0, MPFR version 4.0.2, MPC version 1.1.0, isl version isl-0.22.1-GMP

GGC heuristics: --param ggc-min-expand=100 --param ggc-min-heapsize=131072
Compiler executable checksum: 3d1eba838554fa2348dba760e4770469
COLLECT_GCC_OPTIONS='-v' '-o' 'CMakeFiles/cmTC_9be6e.dir/CMakeCXXCompilerABI.cpp.o' '-c' '-shared-libgcc' '-mtune=generic' '-march=x86-64'
 as -v --64 -o CMakeFiles/cmTC_9be6e.dir/CMakeCXXCompilerABI.cpp.o /tmp/ccCZLPsw.s
GNU assembler version 2.34 (x86_64-linux-gnu) using BFD version (GNU Binutils for Ubuntu) 2.34
COMPILER_PATH=/usr/lib/gcc/x86_64-linux-gnu/9/:/usr/lib/gcc/x86_64-linux-gnu/9/:/usr/lib/gcc/x86_64-linux-gnu/:/usr/lib/gcc/x86_64-linux-gnu/9/:/usr/lib/gcc/x86_64-linux-gnu/
LIBRARY_PATH=/usr/lib/gcc/x86_64-linux-gnu/9/:/usr/lib/gcc/x86_64-linux-gnu/9/../../../x86_64-linux-gnu/:/usr/lib/gcc/x86_64-linux-gnu/9/../../../../lib/:/lib/x86_64-linux-gnu/:/lib/../lib/:/usr/lib/x86_64-linux-gnu/:/usr/lib/../lib/:/usr/lib/gcc/x86_64-linux-gnu/9/../../../:/lib/:/usr/lib/
COLLECT_GCC_OPTIONS='-v' '-o' 'CMakeFiles/cmTC_9be6e.dir/CMakeCXXCompilerABI.cpp.o' '-c' '-shared-libgcc' '-mtune=generic' '-march=x86-64'
Linking CXX executable cmTC_9be6e
/usr/bin/cmake -E cmake_link_script CMakeFiles/cmTC_9be6e.dir/link.txt --verbose=1
/usr/bin/c++      -v CMakeFiles/cmTC_9be6e.dir/CMakeCXXCompilerABI.cpp.o  -o cmTC_9be6e 
Using built-in specs.
COLLECT_GCC=/usr/bin/c++
COLLECT_LTO_WRAPPER=/usr/lib/gcc/x86_64-linux-gnu/9/lto-wrapper
OFFLOAD_TARGET_NAMES=nvptx-none:hsa
OFFLOAD_TARGET_DEFAULT=1
Target: x86_64-linux-gnu
Configured with: ../src/configure -v --with-pkgversion='Ubuntu 9.4.0-1ubuntu1~20.04.2' --with-bugurl=file:///usr/share/doc/gcc-9/README.Bugs --enable-languages=c,ada,c++,go,brig,d,fortran,objc,obj-c++,gm2 --prefix=/usr --with-gcc-major-version-only --program-suffix=-9 --program-prefix=x86_64-linux-gnu- --enable-shared --enable-linker-build-id --libexecdir=/usr/lib --without-included-gettext --enable-threads=posix --libdir=/usr/lib --enable-nls --enable-clocale=gnu --enable-libstdcxx-debug --enable-libstdcxx-time=yes --with-default-libstdcxx-abi=new --enable-gnu-unique-object --disable-vtable-verify --enable-plugin --enable-default-pie --with-system-zlib --with-target-system-zlib=auto --enable-objc-gc=auto --enable-multiarch --disable-werror --with-arch-32=i686 --with-abi=m64 --with-multilib-list=m32,m64,mx32 --enable-multilib --with-tune=generic --enable-offload-targets=nvptx-none=/build/gcc-9-9QDOt0/gcc-9-9.4.0/debian/tmp-nvptx/usr,hsa --without-cuda-driver --enable-checking=release --build=x86_64-linux-gnu --host=x86_64-linux-gnu --target=x86_64-linux-gnu
Thread model: posix
gcc version 9.4.0 (Ubuntu 9.4.0-1ubuntu1~20.04.2) 
COMPILER_PATH=/usr/lib/gcc/x86_64-linux-gnu/9/:/usr/lib/gcc/x86_64-linux-gnu/9/:/usr/lib/gcc/x86_64-linux-gnu/:/usr/lib/gcc/x86_64-linux-gnu/9/:/usr/lib/gcc/x86_64-linux-gnu/
LIBRARY_PATH=/usr/lib/gcc/x86_64-linux-gnu/9/:/usr/lib/gcc/x86_64-linux-gnu/9/../../../x86_64-linux-gnu/:/usr/lib/gcc/x86_64-linux-gnu/9/../../../../lib/:/lib/x86_64-linux-gnu/:/lib/../lib/:/usr/lib/x86_64-linux-gnu/:/usr/lib/../lib/:/usr/lib/gcc/x86_64-linux-gnu/9/../../../:/lib/:/usr/lib/
COLLECT_GCC_OPTIONS='-v' '-o' 'cmTC_9be6e' '-shared-libgcc' '-mtune=generic' '-march=x86-64'
 /usr/lib/gcc/x86_64-linux-gnu/9/collect2 -plugin /usr/lib/gcc/x86_64-linux-gnu/9/liblto_plugin.so -plugin-opt=/usr/lib/gcc/x86_64-linux-gnu/9/lto-wrapper -plugin-opt=-fresolution=/tmp/cciyZo63.res -plugin-opt=-pass-through=-lgcc_s -plugin-opt=-pass-through=-lgcc -plugin-opt=-pass-through=-lc -plugin-opt=-pass-through=-lgcc_s -plugin-opt=-pass-through=-lgcc --build-id --eh-frame-hdr -m elf_x86_64 --hash-style=gnu --as-needed -dynamic-linker /lib64/ld-linux-x86-64.so.2 -pie -z now -z relro -o cmTC_9be6e /usr/lib/gcc/x86_64-linux-gnu/9/../../../x86_64-linux-gnu/Scrt1.o /usr/lib/gcc/x86_64-linux-gnu/9/../../../x86_64-linux-gnu/crti.o /usr/lib/gcc/x86_64-linux-gnu/9/crtbeginS.o -L/usr/lib/gcc/x86_64-linux-gnu/9 -L/usr/lib/gcc/x86_64-linux-gnu/9/../../../x86_64-linux-gnu -L/usr/lib/gcc/x86_64-linux-gnu/9/../../../../lib -L/lib/x86_64-linux-gnu -L/lib/../lib -L/usr/lib/x86_64-linux-gnu -L/usr/lib/../lib -L/usr/lib/gcc/x86_64-linux-gnu/9/../../.. CMakeFiles/cmTC_9be6e.dir/CMakeCXXCompilerABI.cpp.o -lstdc++ -lm -lgcc_s -lgcc -lc -lgcc_s -lgcc /usr/lib/gcc/x86_64-linux-gnu/9/crtendS.o /usr/lib/gcc/x86_64-linux-gnu/9/../../../x86_64-linux-gnu/crtn.o
COLLECT_GCC_OPTIONS='-v' '-o' 'cmTC_9be6e' '-shared-libgcc' '-mtune=generic' '-march=x86-64'
make[1]: Leaving directory '/home/dante/桌面/ketang/Initial/video_car/CODE/build/CMakeFiles/CMakeTmp'



Parsed CXX implicit include dir info from above output: rv=done
  found start of include info
  found start of implicit include info
    add: [/usr/include/c++/9]
    add: [/usr/include/x86_64-linux-gnu/c++/9]
    add: [/usr/include/c++/9/backward]
    add: [/usr/lib/gcc/x86_64-linux-gnu/9/include]
    add: [/usr/local/include]
    add: [/usr/include/x86_64-linux-gnu]
    add: [/usr/include]
  end of search list found
  collapse include dir [/usr/include/c++/9] ==> [/usr/include/c++/9]
  collapse include dir [/usr/include/x86_64-linux-gnu/c++/9] ==> [/usr/include/x86_64-linux-gnu/c++/9]
  collapse include dir [/usr/include/c++/9/backward] ==> [/usr/include/c++/9/backward]
  collapse include dir [/usr/lib/gcc/x86_64-linux-gnu/9/include] ==> [/usr/lib/gcc/x86_64-linux-gnu/9/include]
  collapse include dir [/usr/local/include] ==> [/usr/local/include]
  collapse include dir [/usr/include/x86_64-linux-gnu] ==> [/usr/include/x86_64-linux-gnu]
  collapse include dir [/usr/include] ==> [/usr/include]
  implicit include dirs: [/usr/include/c++/9;/usr/include/x86_64-linux-gnu/c++/9;/usr/include/c++/9/backward;/usr/lib/gcc/x86_64-linux-gnu/9/include;/usr/local/include;/usr/include/x86_64-linux-gnu;/usr/include]


Parsed CXX implicit link information from above output:
  link line regex: [^( *|.*[/\])(ld|CMAKE_LINK_STARTFILE-NOTFOUND|([^/\]+-)?ld|collect2)[^/\]*( |$)]
  ignore line: [Change Dir: /home/dante/桌面/ketang/Initial/video_car/CODE/build/CMakeFiles/CMakeTmp]
  ignore line: []
  ignore line: [Run Build Command(s):/usr/bin/make cmTC_9be6e/fast && /usr/bin/make -f CMakeFiles/cmTC_9be6e.dir/build.make CMakeFiles/cmTC_9be6e.dir/build]
  ignore line: [make[1]: Entering directory '/home/dante/桌面/ketang/Initial/video_car/CODE/build/CMakeFiles/CMakeTmp']
  ignore line: [Building CXX object CMakeFiles/cmTC_9be6e.dir/CMakeCXXCompilerABI.cpp.o]
  ignore line: [/usr/bin/c++    -v -o CMakeFiles/cmTC_9be6e.dir/CMakeCXXCompilerABI.cpp.o -c /usr/share/cmake-3.16/Modules/CMakeCXXCompilerABI.cpp]
  ignore line: [Using built-in specs.]
  ignore line: [COLLECT_GCC=/usr/bin/c++]
  ignore line: [OFFLOAD_TARGET_NAMES=nvptx-none:hsa]
  ignore line: [OFFLOAD_TARGET_DEFAULT=1]
  ignore line: [Target: x86_64-linux-gnu]
  ignore line: [Configured with: ../src/configure -v --with-pkgversion='Ubuntu 9.4.0-1ubuntu1~20.04.2' --with-bugurl=file:///usr/share/doc/gcc-9/README.Bugs --enable-languages=c ada c++ go brig d fortran objc obj-c++ gm2 --prefix=/usr --with-gcc-major-version-only --program-suffix=-9 --program-prefix=x86_64-linux-gnu- --enable-shared --enable-linker-build-id --libexecdir=/usr/lib --without-included-gettext --enable-threads=posix --libdir=/usr/lib --enable-nls --enable-clocale=gnu --enable-libstdcxx-debug --enable-libstdcxx-time=yes --with-default-libstdcxx-abi=new --enable-gnu-unique-object --disable-vtable-verify --enable-plugin --enable-default-pie --with-system-zlib --with-target-system-zlib=auto --enable-objc-gc=auto --enable-multiarch --disable-werror --with-arch-32=i686 --with-abi=m64 --with-multilib-list=m32 m64 mx32 --enable-multilib --with-tune=generic --enable-offload-targets=nvptx-none=/build/gcc-9-9QDOt0/gcc-9-9.4.0/debian/tmp-nvptx/usr hsa --without-cuda-driver --enable-checking=release --build=x86_64-linux-gnu --host=x86_64-linux-gnu --target=x86_64-linux-gnu]
  ignore line: [Thread model: posix]
  ignore line: [gcc version 9.4.0 (Ubuntu 9.4.0-1ubuntu1~20.04.2) ]
  ignore line: [COLLECT_GCC_OPTIONS='-v' '-o' 'CMakeFiles/cmTC_9be6e.dir/CMakeCXXCompilerABI.cpp.o' '-c' '-shared-libgcc' '-mtune=generic' '-march=x86-64']
  ignore line: [ /usr/lib/gcc/x86_64-linux-gnu/9/cc1plus -quiet -v -imultiarch x86_64-linux-gnu -D_GNU_SOURCE /usr/share/cmake-3.16/Modules/CMakeCXXCompilerABI.cpp -quiet -dumpbase CMakeCXXCompilerABI.cpp -mtune=generic -march=x86-64 -auxbase-strip CMakeFiles/cmTC_9be6e.dir/CMakeCXXCompilerABI.cpp.o -version -fasynchronous-unwind-tables -fstack-protector-strong -Wformat -Wformat-security -fstack-clash-protection -fcf-protection -o /tmp/ccCZLPsw.s]
  ignore line: [GNU C++14 (Ubuntu 9.4.0-1ubuntu1~20.04.2) version 9.4.0 (x86_64-linux-gnu)]
  ignore line: [	compiled by GNU C version 9.4.0  GMP version 6.2.0  MPFR version 4.0.2  MPC version 1.1.0  isl version isl-0.22.1-GMP]
  ignore line: []
  ignore line: [GGC heuristics: --param ggc-min-expand=100 --param ggc-min-heapsize=131072]
  ignore line: [ignoring duplicate directory "/usr/include/x86_64-linux-gnu/c++/9"]
  ignore line: [ignoring nonexistent directory "/usr/local/include/x86_64-linux-gnu"]
  ignore line: [ignoring nonexistent directory "/usr/lib/gcc/x86_64-linux-gnu/9/include-fixed"]
  ignore line: [ignoring nonexistent directory "/usr/lib/gcc/x86_64-linux-gnu/9/../../../../x86_64-linux-gnu/include"]
  ignore line: [#include "..." search starts here:]
  ignore line: [#include <...> search starts here:]
  ignore line: [ /usr/include/c++/9]
  ignore line: [ /usr/include/x86_64-linux-gnu/c++/9]
  ignore line: [ /usr/include/c++/9/backward]
  ignore line: [ /usr/lib/gcc/x86_64-linux-gnu/9/include]
  ignore line: [ /usr/local/include]
  ignore line: [ /usr/include/x86_64-linux-gnu]
  ignore line: [ /usr/include]
  ignore line: [End of search list.]
  ignore line: [GNU C++14 (Ubuntu 9.4.0-1ubuntu1~20.04.2) version 9.4.0 (x86_64-linux-gnu)]
  ignore line: [	compiled by GNU C version 9.4.0  GMP version 6.2.0  MPFR version 4.0.2  MPC version 1.1.0  isl version isl-0.22.1-GMP]
  ignore line: []
  ignore line: [GGC heuristics: --param ggc-min-expand=100 --param ggc-min-heapsize=131072]
  ignore line: [Compiler executable checksum: 3d1eba838554fa2348dba760e4770469]
  ignore line: [COLLECT_GCC_OPTIONS='-v' '-o' 'CMakeFiles/cmTC_9be6e.dir/CMakeCXXCompilerABI.cpp.o' '-c' '-shared-libgcc' '-mtune=generic' '-march=x86-64']
  ignore line: [ as -v --64 -o CMakeFiles/cmTC_9be6e.dir/CMakeCXXCompilerABI.cpp.o /tmp/ccCZLPsw.s]
  ignore line: [GNU assembler version 2.34 (x86_64-linux-gnu) using BFD version (GNU Binutils for Ubuntu) 2.34]
  ignore line: [COMPILER_PATH=/usr/lib/gcc/x86_64-linux-gnu/9/:/usr/lib/gcc/x86_64-linux-gnu/9/:/usr/lib/gcc/x86_64-linux-gnu/:/usr/lib/gcc/x86_64-linux-gnu/9/:/usr/lib/gcc/x86_64-linux-gnu/]
  ignore line: [LIBRARY_PATH=/usr/lib/gcc/x86_64-linux-gnu/9/:/usr/lib/gcc/x86_64-linux-gnu/9/../../../x86_64-linux-gnu/:/usr/lib/gcc/x86_64-linux-gnu/9/../../../../lib/:/lib/x86_64-linux-gnu/:/lib/../lib/:/usr/lib/x86_64-linux-gnu/:/usr/lib/../lib/:/usr/lib/gcc/x86_64-linux-gnu/9/../../../:/lib/:/usr/lib/]
  ignore line: [COLLECT_GCC_OPTIONS='-v' '-o' 'CMakeFiles/cmTC_9be6e.dir/CMakeCXXCompilerABI.cpp.o' '-c' '-shared-libgcc' '-mtune=generic' '-march=x86-64']
  ignore line: [Linking CXX executable cmTC_9be6e]
  ignore line: [/usr/bin/cmake -E cmake_link_script CMakeFiles/cmTC_9be6e.dir/link.txt --verbose=1]
  ignore line: [/usr/bin/c++      -v CMakeFiles/cmTC_9be6e.dir/CMakeCXXCompilerABI.cpp.o  -o cmTC_9be6e ]
  ignore line: [Using built-in specs.]
  ignore line: [COLLECT_GCC=/usr/bin/c++]
  ignore line: [COLLECT_LTO_WRAPPER=/usr/lib/gcc/x86_64-linux-gnu/9/lto-wrapper]
  ignore line: [OFFLOAD_TARGET_NAMES=nvptx-none:hsa]
  ignore line: [OFFLOAD_TARGET_DEFAULT=1]
  ignore line: [Target: x86_64-linux-gnu]
  ignore line: [Configured with: ../src/configure -v --with-pkgversion='Ubuntu 9.4.0-1ubuntu1~20.04.2' --with-bugurl=file:///usr/share/doc/gcc-9/README.Bugs --enable-languages=c ada c++ go brig d fortran objc obj-c++ gm2 --prefix=/usr --with-gcc-major-version-only --program-suffix=-9 --program-prefix=x86_64-linux-gnu- --enable-shared --enable-linker-build-id --libexecdir=/usr/lib --without-included-gettext --enable-threads=posix --libdir=/usr/lib --enable-nls --enable-clocale=gnu --enable-libstdcxx-debug --enable-libstdcxx-time=yes --with-default-libstdcxx-abi=new --enable-gnu-unique-object --disable-vtable-verify --enable-plugin --enable-default-pie --with-system-zlib --with-target-system-zlib=auto --enable-objc-gc=auto --enable-multiarch --disable-werror --with-arch-32=i686 --with-abi=m64 --with-multilib-list=m32 m64 mx32 --enable-multilib --with-tune=generic --enable-offload-targets=nvptx-none=/build/gcc-9-9QDOt0/gcc-9-9.4.0/debian/tmp-nvptx/usr hsa --without-cuda-driver --enable-checking=release --build=x86_64-linux-gnu --host=x86_64-linux-gnu --target=x86_64-linux-gnu]
  ignore line: [Thread model: posix]
  ignore line: [gcc version 9.4.0 (Ubuntu 9.4.0-1ubuntu1~20.04.2) ]
  ignore line: [COMPILER_PATH=/usr/lib/gcc/x86_64-linux-gnu/9/:/usr/lib/gcc/x86_64-linux-gnu/9/:/usr/lib/gcc/x86_64-linux-gnu/:/usr/lib/gcc/x86_64-linux-gnu/9/:/usr/lib/gcc/x86_64-linux-gnu/]
  ignore line: [LIBRARY_PATH=/usr/lib/gcc/x86_64-linux-gnu/9/:/usr/lib/gcc/x86_64-linux-gnu/9/../../../x86_64-linux-gnu/:/usr/lib/gcc/x86_64-linux-gnu/9/../../../../lib/:/lib/x86_64-linux-gnu/:/lib/../lib/:/usr/lib/x86_64-linux-gnu/:/usr/lib/../lib/:/usr/lib/gcc/x86_64-linux-gnu/9/../../../:/lib/:/usr/lib/]
  ignore line: [COLLECT_GCC_OPTIONS='-v' '-o' 'cmTC_9be6e' '-shared-libgcc' '-mtune=generic' '-march=x86-64']
  link line: [ /usr/lib/gcc/x86_64-linux-gnu/9/collect2 -plugin /usr/lib/gcc/x86_64-linux-gnu/9/liblto_plugin.so -plugin-opt=/usr/lib/gcc/x86_64-linux-gnu/9/lto-wrapper -plugin-opt=-fresolution=/tmp/cciyZo63.res -plugin-opt=-pass-through=-lgcc_s -plugin-opt=-pass-through=-lgcc -plugin-opt=-pass-through=-lc -plugin-opt=-pass-through=-lgcc_s -plugin-opt=-pass-through=-lgcc --build-id --eh-frame-hdr -m elf_x86_64 --hash-style=gnu --as-needed -dynamic-linker /lib64/ld-linux-x86-64.so.2 -pie -z now -z relro -o cmTC_9be6e /usr/lib/gcc/x86_64-linux-gnu/9/../../../x86_64-linux-gnu/Scrt1.o /usr/lib/gcc/x86_64-linux-gnu/9/../../../x86_64-linux-gnu/crti.o /usr/lib/gcc/x86_64-linux-gnu/9/crtbeginS.o -L/usr/lib/gcc/x86_64-linux-gnu/9 -L/usr/lib/gcc/x86_64-linux-gnu/9/../../../x86_64-linux-gnu -L/usr/lib/gcc/x86_64-linux-gnu/9/../../../../lib -L/lib/x86_64-linux-gnu -L/lib/../lib -L/usr/lib/x86_64-linux-gnu -L/usr/lib/../lib -L/usr/lib/gcc/x86_64-linux-gnu/9/../../.. CMakeFiles/cmTC_9be6e.dir/CMakeCXXCompilerABI.cpp.o -lstdc++ -lm -lgcc_s -lgcc -lc -lgcc_s -lgcc /usr/lib/gcc/x86_64-linux-gnu/9/crtendS.o /usr/lib/gcc/x86_64-linux-gnu/9/../../../x86_64-linux-gnu/crtn.o]
    arg [/usr/lib/gcc/x86_64-linux-gnu/9/collect2] ==> ignore
    arg [-plugin] ==> ignore
    arg [/usr/lib/gcc/x86_64-linux-gnu/9/liblto_plugin.so] ==> ignore
    arg [-plugin-opt=/usr/lib/gcc/x86_64-linux-gnu/9/lto-wrapper] ==> ignore
    arg [-plugin-opt=-fresolution=/tmp/cciyZo63.res] ==> ignore
    arg [-plugin-opt=-pass-through=-lgcc_s] ==> ignore
    arg [-plugin-opt=-pass-through=-lgcc] ==> ignore
    arg [-plugin-opt=-pass-through=-lc] ==> ignore
    arg [-plugin-opt=-pass-through=-lgcc_s] ==> ignore
    arg [-plugin-opt=-pass-through=-lgcc] ==> ignore
    arg [--build-id] ==> ignore
    arg [--eh-frame-hdr] ==> ignore
    arg [-m] ==> ignore
    arg [elf_x86_64] ==> ignore
    arg [--hash-style=gnu] ==> ignore
    arg [--as-needed] ==> ignore
    arg [-dynamic-linker] ==> ignore
    arg [/lib64/ld-linux-x86-64.so.2] ==> ignore
    arg [-pie] ==> ignore
    arg [-znow] ==> ignore
    arg [-zrelro] ==> ignore
    arg [-o] ==> ignore
    arg [cmTC_9be6e] ==> ignore
    arg [/usr/lib/gcc/x86_64-linux-gnu/9/../../../x86_64-linux-gnu/Scrt1.o] ==> ignore
    arg [/usr/lib/gcc/x86_64-linux-gnu/9/../../../x86_64-linux-gnu/crti.o] ==> ignore
    arg [/usr/lib/gcc/x86_64-linux-gnu/9/crtbeginS.o] ==> ignore
    arg [-L/usr/lib/gcc/x86_64-linux-gnu/9] ==> dir [/usr/lib/gcc/x86_64-linux-gnu/9]
    arg [-L/usr/lib/gcc/x86_64-linux-gnu/9/../../../x86_64-linux-gnu] ==> dir [/usr/lib/gcc/x86_64-linux-gnu/9/../../../x86_64-linux-gnu]
    arg [-L/usr/lib/gcc/x86_64-linux-gnu/9/../../../../lib] ==> dir [/usr/lib/gcc/x86_64-linux-gnu/9/../../../../lib]
    arg [-L/lib/x86_64-linux-gnu] ==> dir [/lib/x86_64-linux-gnu]
    arg [-L/lib/../lib] ==> dir [/lib/../lib]
    arg [-L/usr/lib/x86_64-linux-gnu] ==> dir [/usr/lib/x86_64-linux-gnu]
    arg [-L/usr/lib/../lib] ==> dir [/usr/lib/../lib]
    arg [-L/usr/lib/gcc/x86_64-linux-gnu/9/../../..] ==> dir [/usr/lib/gcc/x86_64-linux-gnu/9/../../..]
    arg [CMakeFiles/cmTC_9be6e.dir/CMakeCXXCompilerABI.cpp.o] ==> ignore
    arg [-lstdc++] ==> lib [stdc++]
    arg [-lm] ==> lib [m]
    arg [-lgcc_s] ==> lib [gcc_s]
    arg [-lgcc] ==> lib [gcc]
    arg [-lc] ==> lib [c]
    arg [-lgcc_s] ==> lib [gcc_s]
    arg [-lgcc] ==> lib [gcc]
    arg [/usr/lib/gcc/x86_64-linux-gnu/9/crtendS.o] ==> ignore
    arg [/usr/lib/gcc/x86_64-linux-gnu/9/../../../x86_64-linux-gnu/crtn.o] ==> ignore
  collapse library dir [/usr/lib/gcc/x86_64-linux-gnu/9] ==> [/usr/lib/gcc/x86_64-linux-gnu/9]
  collapse library dir [/usr/lib/gcc/x86_64-linux-gnu/9/../../../x86_64-linux-gnu] ==> [/usr/lib/x86_64-linux-gnu]
  collapse library dir [/usr/lib/gcc/x86_64-linux-gnu/9/../../../../lib] ==> [/usr/lib]
  collapse library dir [/lib/x86_64-linux-gnu] ==> [/lib/x86_64-linux-gnu]
  collapse library dir [/lib/../lib] ==> [/lib]
  collapse library dir [/usr/lib/x86_64-linux-gnu] ==> [/usr/lib/x86_64-linux-gnu]
  collapse library dir [/usr/lib/../lib] ==> [/usr/lib]
  collapse library dir [/usr/lib/gcc/x86_64-linux-gnu/9/../../..] ==> [/usr/lib]
  implicit libs: [stdc++;m;gcc_s;gcc;c;gcc_s;gcc]
  implicit dirs: [/usr/lib/gcc/x86_64-linux-gnu/9;/usr/lib/x86_64-linux-gnu;/usr/lib;/lib/x86_64-linux-gnu;/lib]
  implicit fwks: []


